// Jest Snapshot v1, https://goo.gl/fbAQLP

exports[`renders with text 1`] = `
Object {
  "asFragment": [Function],
  "baseElement": <body>
    <div>
      <footer
        class="sc-bwCtUz ZzjLL"
      >
        <div
          class="sc-hrWEMg bWhTXF"
        >
          <div
            class="sc-esOvli kVTZtX"
          >
            <div
              class="sc-cJSrbW eSjbJi"
            >
              <div
                class="sc-kgAjT fZqetg"
              >
                <div
                  class="sc-elJkPf gPjgzi sc-cmthru lbMmdK"
                  tabindex="-1"
                >
                  <h3
                    class="sc-EHOje jjCRJL sc-bZQynM hJEdCc sc-iQKALj BdPdo sc-hMFtBS jWYNMj"
                  >
                    <span
                      class="sc-bxivhb jewvTc"
                      rotate="0"
                      size="20"
                    >
                      <svg
                        focusable="false"
                        viewBox="0 0 32 32"
                      >
                        <path
                          d="M16 25.757l-16-16 2.91-2.9L16 19.937l13.09-13.08 2.91 2.9z"
                          fill-rule="evenodd"
                        />
                      </svg>
                    </span>
                    Contact
                  </h3>
                  <div
                    aria-hidden="true"
                    class="sc-RefOD cGbrYS"
                  >
                    <ul
                      class="sc-fMiknA fzSdsW sc-eTuwsz eyPNpp"
                    >
                      <p
                        class="sc-EHOje sc-jTzLTM evcmP"
                      >
                        Hebt u een vraag en kunt u het antwoord niet vinden op deze website? Neem dan contact met ons op.
                      </p>
                      <p
                        class="sc-EHOje sc-jTzLTM cTptgu"
                      >
                        Bel het telefoonnummer
                         
                        <a
                          class="sc-EHOje hhCEXm sc-VigVT kXYtwx"
                          href="tel:14020"
                        >
                          14 020
                        </a>
                      </p>
                      <p
                        class="sc-EHOje sc-jTzLTM eparCo"
                      >
                        maandag tot en met vrijdag van 08.00 tot 18.00 uur.
                      </p>
                      <li
                        class="sc-dVhcbM wddMQ sc-gwVKww bpGbYH"
                      >
                        <a
                          class="sc-EHOje FkoFm sc-VigVT PthHi"
                          href="https://formulieren.amsterdam.nl/tripleforms/DirectRegelen/formulier/nl-NL/evAmsterdam/Klachtenformulier.aspx"
                        >
                          <span
                            class="sc-bxivhb iMrrNS"
                            size="12"
                          >
                            <svg
                              focusable="false"
                              viewBox="0 0 32 32"
                            >
                              <path
                                d="M9.757 32l-2.9-2.91L19.937 16 6.857 2.91 9.757 0l16 16z"
                                fill-rule="evenodd"
                              />
                            </svg>
                          </span>
                          <span
                            class="sc-gqjmRU hQHBvj"
                          >
                            Contactformulier
                          </span>
                        </a>
                      </li>
                      <li
                        class="sc-dVhcbM wddMQ sc-gwVKww bpGbYH"
                      >
                        <a
                          class="sc-EHOje FkoFm sc-VigVT PthHi"
                          href="https://www.amsterdam.nl/contact/"
                        >
                          <span
                            class="sc-bxivhb iMrrNS"
                            size="12"
                          >
                            <svg
                              focusable="false"
                              viewBox="0 0 32 32"
                            >
                              <path
                                d="M9.757 32l-2.9-2.91L19.937 16 6.857 2.91 9.757 0l16 16z"
                                fill-rule="evenodd"
                              />
                            </svg>
                          </span>
                          <span
                            class="sc-gqjmRU hQHBvj"
                          >
                            Contactgegevens en openingstijden
                          </span>
                        </a>
                      </li>
                    </ul>
                  </div>
                </div>
                <div
                  class="sc-RefOD eJuoxd"
                >
                  <h3
                    class="sc-bZQynM hJEdCc sc-iQKALj BdPdo"
                  >
                    Contact
                  </h3>
                  <ul
                    class="sc-fMiknA fzSdsW sc-eTuwsz eyPNpp"
                  >
                    <p
                      class="sc-EHOje sc-jTzLTM evcmP"
                    >
                      Hebt u een vraag en kunt u het antwoord niet vinden op deze website? Neem dan contact met ons op.
                    </p>
                    <p
                      class="sc-EHOje sc-jTzLTM cTptgu"
                    >
                      Bel het telefoonnummer
                       
                      <a
                        class="sc-EHOje hhCEXm sc-VigVT kXYtwx"
                        href="tel:14020"
                      >
                        14 020
                      </a>
                    </p>
                    <p
                      class="sc-EHOje sc-jTzLTM eparCo"
                    >
                      maandag tot en met vrijdag van 08.00 tot 18.00 uur.
                    </p>
                    <li
                      class="sc-dVhcbM wddMQ sc-gwVKww bpGbYH"
                    >
                      <a
                        class="sc-EHOje FkoFm sc-VigVT PthHi"
                        href="https://formulieren.amsterdam.nl/tripleforms/DirectRegelen/formulier/nl-NL/evAmsterdam/Klachtenformulier.aspx"
                      >
                        <span
                          class="sc-bxivhb iMrrNS"
                          size="12"
                        >
                          <svg
                            focusable="false"
                            viewBox="0 0 32 32"
                          >
                            <path
                              d="M9.757 32l-2.9-2.91L19.937 16 6.857 2.91 9.757 0l16 16z"
                              fill-rule="evenodd"
                            />
                          </svg>
                        </span>
                        <span
                          class="sc-gqjmRU hQHBvj"
                        >
                          Contactformulier
                        </span>
                      </a>
                    </li>
                    <li
                      class="sc-dVhcbM wddMQ sc-gwVKww bpGbYH"
                    >
                      <a
                        class="sc-EHOje FkoFm sc-VigVT PthHi"
                        href="https://www.amsterdam.nl/contact/"
                      >
                        <span
                          class="sc-bxivhb iMrrNS"
                          size="12"
                        >
                          <svg
                            focusable="false"
                            viewBox="0 0 32 32"
                          >
                            <path
                              d="M9.757 32l-2.9-2.91L19.937 16 6.857 2.91 9.757 0l16 16z"
                              fill-rule="evenodd"
                            />
                          </svg>
                        </span>
                        <span
                          class="sc-gqjmRU hQHBvj"
                        >
                          Contactgegevens en openingstijden
                        </span>
                      </a>
                    </li>
                  </ul>
                </div>
              </div>
              <div
                class="sc-kgAjT TNHOw"
              >
                <div
                  class="sc-elJkPf gPjgzi sc-cLQEGU ksfGfW"
                  tabindex="-1"
                >
                  <h3
                    class="sc-EHOje jjCRJL sc-bZQynM hJEdCc sc-iQKALj BdPdo sc-gqPbQI YIKcn"
                  >
                    <span
                      class="sc-bxivhb jewvTc"
                      rotate="0"
                      size="20"
                    >
                      <svg
                        focusable="false"
                        viewBox="0 0 32 32"
                      >
                        <path
                          d="M16 25.757l-16-16 2.91-2.9L16 19.937l13.09-13.08 2.91 2.9z"
                          fill-rule="evenodd"
                        />
                      </svg>
                    </span>
                    Volg de gemeente
                  </h3>
                  <div
                    aria-hidden="true"
                    class="sc-RefOD cGbrYS"
                  >
                    <ul
                      class="sc-fMiknA fzSdsW sc-eTuwsz eyPNpp"
                    >
                      <li
                        class="sc-dVhcbM wddMQ sc-gwVKww bpGbYH"
                      >
                        <a
                          class="sc-EHOje FkoFm sc-VigVT PthHi"
                          href="https://www.amsterdam.nl/nieuwsbrieven/nieuws/nieuwsbrief/nieuwsbrief/"
                        >
                          <span
                            class="sc-bxivhb iMrrNS"
                            size="12"
                          >
                            <svg
                              focusable="false"
                              viewBox="0 0 32 32"
                            >
                              <path
                                d="M9.757 32l-2.9-2.91L19.937 16 6.857 2.91 9.757 0l16 16z"
                                fill-rule="evenodd"
                              />
                            </svg>
                          </span>
                          <span
                            class="sc-gqjmRU hQHBvj"
                          >
                            Nieuwsbrief Amsterdam.nl
                          </span>
                        </a>
                      </li>
                      <li
                        class="sc-dVhcbM wddMQ sc-gwVKww bpGbYH"
                      >
                        <a
                          class="sc-EHOje FkoFm sc-VigVT PthHi"
                          href="https://twitter.com/AmsterdamNL"
                        >
                          <span
                            class="sc-bxivhb iMrrNS"
                            size="12"
                          >
                            <svg
                              focusable="false"
                              viewBox="0 0 32 32"
                            >
                              <path
                                d="M9.757 32l-2.9-2.91L19.937 16 6.857 2.91 9.757 0l16 16z"
                                fill-rule="evenodd"
                              />
                            </svg>
                          </span>
                          <span
                            class="sc-gqjmRU hQHBvj"
                          >
                            Twitter
                          </span>
                        </a>
                      </li>
                      <li
                        class="sc-dVhcbM wddMQ sc-gwVKww bpGbYH"
                      >
                        <a
                          class="sc-EHOje FkoFm sc-VigVT PthHi"
                          href="https://www.facebook.com/gemeenteamsterdam"
                        >
                          <span
                            class="sc-bxivhb iMrrNS"
                            size="12"
                          >
                            <svg
                              focusable="false"
                              viewBox="0 0 32 32"
                            >
                              <path
                                d="M9.757 32l-2.9-2.91L19.937 16 6.857 2.91 9.757 0l16 16z"
                                fill-rule="evenodd"
                              />
                            </svg>
                          </span>
                          <span
                            class="sc-gqjmRU hQHBvj"
                          >
                            Facebook
                          </span>
                        </a>
                      </li>
                      <li
                        class="sc-dVhcbM wddMQ sc-gwVKww bpGbYH"
                      >
                        <a
                          class="sc-EHOje FkoFm sc-VigVT PthHi"
                          href="https://www.instagram.com/gemeenteamsterdam/"
                        >
                          <span
                            class="sc-bxivhb iMrrNS"
                            size="12"
                          >
                            <svg
                              focusable="false"
                              viewBox="0 0 32 32"
                            >
                              <path
                                d="M9.757 32l-2.9-2.91L19.937 16 6.857 2.91 9.757 0l16 16z"
                                fill-rule="evenodd"
                              />
                            </svg>
                          </span>
                          <span
                            class="sc-gqjmRU hQHBvj"
                          >
                            Instagram
                          </span>
                        </a>
                      </li>
                      <li
                        class="sc-dVhcbM wddMQ sc-gwVKww bpGbYH"
                      >
                        <a
                          class="sc-EHOje FkoFm sc-VigVT PthHi"
                          href="https://www.linkedin.com/company/gemeente-amsterdam"
                        >
                          <span
                            class="sc-bxivhb iMrrNS"
                            size="12"
                          >
                            <svg
                              focusable="false"
                              viewBox="0 0 32 32"
                            >
                              <path
                                d="M9.757 32l-2.9-2.91L19.937 16 6.857 2.91 9.757 0l16 16z"
                                fill-rule="evenodd"
                              />
                            </svg>
                          </span>
                          <span
                            class="sc-gqjmRU hQHBvj"
                          >
                            Linkedin
                          </span>
                        </a>
                      </li>
                      <li
                        class="sc-dVhcbM wddMQ sc-gwVKww bpGbYH"
                      >
                        <a
                          class="sc-EHOje FkoFm sc-VigVT PthHi"
                          href="https://www.amsterdam.nl/bestuur-organisatie/werkenbij/"
                        >
                          <span
                            class="sc-bxivhb iMrrNS"
                            size="12"
                          >
                            <svg
                              focusable="false"
                              viewBox="0 0 32 32"
                            >
                              <path
                                d="M9.757 32l-2.9-2.91L19.937 16 6.857 2.91 9.757 0l16 16z"
                                fill-rule="evenodd"
                              />
                            </svg>
                          </span>
                          <span
                            class="sc-gqjmRU hQHBvj"
                          >
                            Werken bij
                          </span>
                        </a>
                      </li>
                    </ul>
                  </div>
                </div>
                <div
                  class="sc-RefOD eJuoxd"
                >
                  <h3
                    class="sc-bZQynM hJEdCc sc-iQKALj BdPdo"
                  >
                    Volg de gemeente
                  </h3>
                  <ul
                    class="sc-fMiknA fzSdsW sc-eTuwsz eyPNpp"
                  >
                    <li
                      class="sc-dVhcbM wddMQ sc-gwVKww bpGbYH"
                    >
                      <a
                        class="sc-EHOje FkoFm sc-VigVT PthHi"
                        href="https://www.amsterdam.nl/nieuwsbrieven/nieuws/nieuwsbrief/nieuwsbrief/"
                      >
                        <span
                          class="sc-bxivhb iMrrNS"
                          size="12"
                        >
                          <svg
                            focusable="false"
                            viewBox="0 0 32 32"
                          >
                            <path
                              d="M9.757 32l-2.9-2.91L19.937 16 6.857 2.91 9.757 0l16 16z"
                              fill-rule="evenodd"
                            />
                          </svg>
                        </span>
                        <span
                          class="sc-gqjmRU hQHBvj"
                        >
                          Nieuwsbrief Amsterdam.nl
                        </span>
                      </a>
                    </li>
                    <li
                      class="sc-dVhcbM wddMQ sc-gwVKww bpGbYH"
                    >
                      <a
                        class="sc-EHOje FkoFm sc-VigVT PthHi"
                        href="https://twitter.com/AmsterdamNL"
                      >
                        <span
                          class="sc-bxivhb iMrrNS"
                          size="12"
                        >
                          <svg
                            focusable="false"
                            viewBox="0 0 32 32"
                          >
                            <path
                              d="M9.757 32l-2.9-2.91L19.937 16 6.857 2.91 9.757 0l16 16z"
                              fill-rule="evenodd"
                            />
                          </svg>
                        </span>
                        <span
                          class="sc-gqjmRU hQHBvj"
                        >
                          Twitter
                        </span>
                      </a>
                    </li>
                    <li
                      class="sc-dVhcbM wddMQ sc-gwVKww bpGbYH"
                    >
                      <a
                        class="sc-EHOje FkoFm sc-VigVT PthHi"
                        href="https://www.facebook.com/gemeenteamsterdam"
                      >
                        <span
                          class="sc-bxivhb iMrrNS"
                          size="12"
                        >
                          <svg
                            focusable="false"
                            viewBox="0 0 32 32"
                          >
                            <path
                              d="M9.757 32l-2.9-2.91L19.937 16 6.857 2.91 9.757 0l16 16z"
                              fill-rule="evenodd"
                            />
                          </svg>
                        </span>
                        <span
                          class="sc-gqjmRU hQHBvj"
                        >
                          Facebook
                        </span>
                      </a>
                    </li>
                    <li
                      class="sc-dVhcbM wddMQ sc-gwVKww bpGbYH"
                    >
                      <a
                        class="sc-EHOje FkoFm sc-VigVT PthHi"
                        href="https://www.instagram.com/gemeenteamsterdam/"
                      >
                        <span
                          class="sc-bxivhb iMrrNS"
                          size="12"
                        >
                          <svg
                            focusable="false"
                            viewBox="0 0 32 32"
                          >
                            <path
                              d="M9.757 32l-2.9-2.91L19.937 16 6.857 2.91 9.757 0l16 16z"
                              fill-rule="evenodd"
                            />
                          </svg>
                        </span>
                        <span
                          class="sc-gqjmRU hQHBvj"
                        >
                          Instagram
                        </span>
                      </a>
                    </li>
                    <li
                      class="sc-dVhcbM wddMQ sc-gwVKww bpGbYH"
                    >
                      <a
                        class="sc-EHOje FkoFm sc-VigVT PthHi"
                        href="https://www.linkedin.com/company/gemeente-amsterdam"
                      >
                        <span
                          class="sc-bxivhb iMrrNS"
                          size="12"
                        >
                          <svg
                            focusable="false"
                            viewBox="0 0 32 32"
                          >
                            <path
                              d="M9.757 32l-2.9-2.91L19.937 16 6.857 2.91 9.757 0l16 16z"
                              fill-rule="evenodd"
                            />
                          </svg>
                        </span>
                        <span
                          class="sc-gqjmRU hQHBvj"
                        >
                          Linkedin
                        </span>
                      </a>
                    </li>
                    <li
                      class="sc-dVhcbM wddMQ sc-gwVKww bpGbYH"
                    >
                      <a
                        class="sc-EHOje FkoFm sc-VigVT PthHi"
                        href="https://www.amsterdam.nl/bestuur-organisatie/werkenbij/"
                      >
                        <span
                          class="sc-bxivhb iMrrNS"
                          size="12"
                        >
                          <svg
                            focusable="false"
                            viewBox="0 0 32 32"
                          >
                            <path
                              d="M9.757 32l-2.9-2.91L19.937 16 6.857 2.91 9.757 0l16 16z"
                              fill-rule="evenodd"
                            />
                          </svg>
                        </span>
                        <span
                          class="sc-gqjmRU hQHBvj"
                        >
                          Werken bij
                        </span>
                      </a>
                    </li>
                  </ul>
                </div>
              </div>
              <div
                class="sc-kgAjT brRyfg"
              >
                <div
                  class="sc-elJkPf gPjgzi sc-hORach hAyWSN"
                  tabindex="-1"
                >
                  <h3
                    class="sc-EHOje jjCRJL sc-bZQynM hJEdCc sc-iQKALj BdPdo sc-bMVAic dkGoJU"
                  >
                    <span
                      class="sc-bxivhb jewvTc"
                      rotate="0"
                      size="20"
                    >
                      <svg
                        focusable="false"
                        viewBox="0 0 32 32"
                      >
                        <path
                          d="M16 25.757l-16-16 2.91-2.9L16 19.937l13.09-13.08 2.91 2.9z"
                          fill-rule="evenodd"
                        />
                      </svg>
                    </span>
                    Uit in Amsterdam
                  </h3>
                  <div
                    aria-hidden="true"
                    class="sc-RefOD cGbrYS"
                  >
                    <ul
                      class="sc-fMiknA fzSdsW sc-eTuwsz eyPNpp"
                    >
                      <p
                        class="sc-EHOje sc-jTzLTM gjBXwB"
                      >
                        Wat is er te doen in Amsterdam? Informatie over toerisme, cultuur, uitgaan, evenementen en meer vindt u op
                         
                        <a
                          class="sc-EHOje hhCEXm sc-VigVT kXYtwx"
                          href="http://www.iamsterdam.com/"
                        >
                          Iamsterdam.com
                        </a>
                      </p>
                    </ul>
                  </div>
                </div>
                <div
                  class="sc-RefOD eJuoxd"
                >
                  <h3
                    class="sc-bZQynM hJEdCc sc-iQKALj BdPdo"
                  >
                    Uit in Amsterdam
                  </h3>
                  <ul
                    class="sc-fMiknA fzSdsW sc-eTuwsz eyPNpp"
                  >
                    <p
                      class="sc-EHOje sc-jTzLTM gjBXwB"
                    >
                      Wat is er te doen in Amsterdam? Informatie over toerisme, cultuur, uitgaan, evenementen en meer vindt u op
                       
                      <a
                        class="sc-EHOje hhCEXm sc-VigVT kXYtwx"
                        href="http://www.iamsterdam.com/"
                      >
                        Iamsterdam.com
                      </a>
                    </p>
                  </ul>
                </div>
              </div>
            </div>
          </div>
        </div>
        <div
          class="sc-ibxdXY bXEncT"
        >
          <div
            class="sc-esOvli kVTZtX"
          >
            <div
              class="sc-cJSrbW eSjbJi"
            >
              <div
                class="sc-kgAjT gNxpZN"
              >
                <ul
                  class="sc-fMiknA fzSdsW sc-hXRMBi jsSisI"
                >
                  <li
                    class="sc-dVhcbM wddMQ sc-epnACN gfJoDF"
                  >
                    <a
                      class="sc-EHOje iRCPDX sc-VigVT PthHi"
                      href="https://www.amsterdam.nl/overdezesite/"
                    >
                      <span
                        class="sc-bxivhb iMrrNS"
                        size="12"
                      >
                        <svg
                          focusable="false"
                          viewBox="0 0 32 32"
                        >
                          <path
                            d="M9.757 32l-2.9-2.91L19.937 16 6.857 2.91 9.757 0l16 16z"
                            fill-rule="evenodd"
                          />
                        </svg>
                      </span>
                      <span
                        class="sc-gqjmRU hQHBvj"
                      >
                        Over deze site
                      </span>
                    </a>
                  </li>
                  <li
                    class="sc-dVhcbM wddMQ sc-epnACN gfJoDF"
                  >
                    <a
                      class="sc-EHOje iRCPDX sc-VigVT PthHi"
                      href="https://www.amsterdam.nl/privacy/"
                    >
                      <span
                        class="sc-bxivhb iMrrNS"
                        size="12"
                      >
                        <svg
                          focusable="false"
                          viewBox="0 0 32 32"
                        >
                          <path
                            d="M9.757 32l-2.9-2.91L19.937 16 6.857 2.91 9.757 0l16 16z"
                            fill-rule="evenodd"
                          />
                        </svg>
                      </span>
                      <span
                        class="sc-gqjmRU hQHBvj"
                      >
                        Privacy
                      </span>
                    </a>
                  </li>
                  <li
                    class="sc-dVhcbM wddMQ sc-epnACN gfJoDF"
                  >
                    <a
                      class="sc-EHOje iRCPDX sc-VigVT PthHi"
                      href="https://www.amsterdam.nl/privacy/cookies-site/"
                    >
                      <span
                        class="sc-bxivhb iMrrNS"
                        size="12"
                      >
                        <svg
                          focusable="false"
                          viewBox="0 0 32 32"
                        >
                          <path
                            d="M9.757 32l-2.9-2.91L19.937 16 6.857 2.91 9.757 0l16 16z"
                            fill-rule="evenodd"
                          />
                        </svg>
                      </span>
                      <span
                        class="sc-gqjmRU hQHBvj"
                      >
                        Cookies op deze site
                      </span>
                    </a>
                  </li>
                  <li
                    class="sc-dVhcbM wddMQ sc-epnACN gfJoDF"
                  >
                    <a
                      class="sc-EHOje iRCPDX sc-VigVT PthHi"
                      href="https://www.amsterdam.nl/nieuwsarchief/"
                    >
                      <span
                        class="sc-bxivhb iMrrNS"
                        size="12"
                      >
                        <svg
                          focusable="false"
                          viewBox="0 0 32 32"
                        >
                          <path
                            d="M9.757 32l-2.9-2.91L19.937 16 6.857 2.91 9.757 0l16 16z"
                            fill-rule="evenodd"
                          />
                        </svg>
                      </span>
                      <span
                        class="sc-gqjmRU hQHBvj"
                      >
                        Webarchief
                      </span>
                    </a>
                  </li>
                </ul>
              </div>
            </div>
          </div>
        </div>
      </footer>
    </div>
  </body>,
  "container": <div>
    <footer
      class="sc-bwCtUz ZzjLL"
    >
      <div
        class="sc-hrWEMg bWhTXF"
      >
        <div
          class="sc-esOvli kVTZtX"
        >
          <div
            class="sc-cJSrbW eSjbJi"
          >
            <div
              class="sc-kgAjT fZqetg"
            >
              <div
                class="sc-elJkPf gPjgzi sc-cmthru lbMmdK"
                tabindex="-1"
              >
                <h3
                  class="sc-EHOje jjCRJL sc-bZQynM hJEdCc sc-iQKALj BdPdo sc-hMFtBS jWYNMj"
                >
                  <span
                    class="sc-bxivhb jewvTc"
                    rotate="0"
                    size="20"
                  >
                    <svg
                      focusable="false"
                      viewBox="0 0 32 32"
                    >
                      <path
                        d="M16 25.757l-16-16 2.91-2.9L16 19.937l13.09-13.08 2.91 2.9z"
                        fill-rule="evenodd"
                      />
                    </svg>
                  </span>
                  Contact
                </h3>
                <div
                  aria-hidden="true"
                  class="sc-RefOD cGbrYS"
                >
                  <ul
                    class="sc-fMiknA fzSdsW sc-eTuwsz eyPNpp"
                  >
                    <p
                      class="sc-EHOje sc-jTzLTM evcmP"
                    >
                      Hebt u een vraag en kunt u het antwoord niet vinden op deze website? Neem dan contact met ons op.
                    </p>
                    <p
                      class="sc-EHOje sc-jTzLTM cTptgu"
                    >
                      Bel het telefoonnummer
                       
                      <a
                        class="sc-EHOje hhCEXm sc-VigVT kXYtwx"
                        href="tel:14020"
                      >
                        14 020
                      </a>
                    </p>
                    <p
                      class="sc-EHOje sc-jTzLTM eparCo"
                    >
                      maandag tot en met vrijdag van 08.00 tot 18.00 uur.
                    </p>
                    <li
                      class="sc-dVhcbM wddMQ sc-gwVKww bpGbYH"
                    >
                      <a
                        class="sc-EHOje FkoFm sc-VigVT PthHi"
                        href="https://formulieren.amsterdam.nl/tripleforms/DirectRegelen/formulier/nl-NL/evAmsterdam/Klachtenformulier.aspx"
                      >
                        <span
                          class="sc-bxivhb iMrrNS"
                          size="12"
                        >
                          <svg
                            focusable="false"
                            viewBox="0 0 32 32"
                          >
                            <path
                              d="M9.757 32l-2.9-2.91L19.937 16 6.857 2.91 9.757 0l16 16z"
                              fill-rule="evenodd"
                            />
                          </svg>
                        </span>
                        <span
                          class="sc-gqjmRU hQHBvj"
                        >
                          Contactformulier
                        </span>
                      </a>
                    </li>
                    <li
                      class="sc-dVhcbM wddMQ sc-gwVKww bpGbYH"
                    >
                      <a
                        class="sc-EHOje FkoFm sc-VigVT PthHi"
                        href="https://www.amsterdam.nl/contact/"
                      >
                        <span
                          class="sc-bxivhb iMrrNS"
                          size="12"
                        >
                          <svg
                            focusable="false"
                            viewBox="0 0 32 32"
                          >
                            <path
                              d="M9.757 32l-2.9-2.91L19.937 16 6.857 2.91 9.757 0l16 16z"
                              fill-rule="evenodd"
                            />
                          </svg>
                        </span>
                        <span
                          class="sc-gqjmRU hQHBvj"
                        >
                          Contactgegevens en openingstijden
                        </span>
                      </a>
                    </li>
                  </ul>
                </div>
              </div>
              <div
                class="sc-RefOD eJuoxd"
              >
                <h3
                  class="sc-bZQynM hJEdCc sc-iQKALj BdPdo"
                >
                  Contact
                </h3>
                <ul
                  class="sc-fMiknA fzSdsW sc-eTuwsz eyPNpp"
                >
                  <p
                    class="sc-EHOje sc-jTzLTM evcmP"
                  >
                    Hebt u een vraag en kunt u het antwoord niet vinden op deze website? Neem dan contact met ons op.
                  </p>
                  <p
                    class="sc-EHOje sc-jTzLTM cTptgu"
                  >
                    Bel het telefoonnummer
                     
                    <a
                      class="sc-EHOje hhCEXm sc-VigVT kXYtwx"
                      href="tel:14020"
                    >
                      14 020
                    </a>
                  </p>
                  <p
                    class="sc-EHOje sc-jTzLTM eparCo"
                  >
                    maandag tot en met vrijdag van 08.00 tot 18.00 uur.
                  </p>
                  <li
                    class="sc-dVhcbM wddMQ sc-gwVKww bpGbYH"
                  >
                    <a
                      class="sc-EHOje FkoFm sc-VigVT PthHi"
                      href="https://formulieren.amsterdam.nl/tripleforms/DirectRegelen/formulier/nl-NL/evAmsterdam/Klachtenformulier.aspx"
                    >
                      <span
                        class="sc-bxivhb iMrrNS"
                        size="12"
                      >
                        <svg
                          focusable="false"
                          viewBox="0 0 32 32"
                        >
                          <path
                            d="M9.757 32l-2.9-2.91L19.937 16 6.857 2.91 9.757 0l16 16z"
                            fill-rule="evenodd"
                          />
                        </svg>
                      </span>
                      <span
                        class="sc-gqjmRU hQHBvj"
                      >
                        Contactformulier
                      </span>
                    </a>
                  </li>
                  <li
                    class="sc-dVhcbM wddMQ sc-gwVKww bpGbYH"
                  >
                    <a
                      class="sc-EHOje FkoFm sc-VigVT PthHi"
                      href="https://www.amsterdam.nl/contact/"
                    >
                      <span
                        class="sc-bxivhb iMrrNS"
                        size="12"
                      >
                        <svg
                          focusable="false"
                          viewBox="0 0 32 32"
                        >
                          <path
                            d="M9.757 32l-2.9-2.91L19.937 16 6.857 2.91 9.757 0l16 16z"
                            fill-rule="evenodd"
                          />
                        </svg>
                      </span>
                      <span
                        class="sc-gqjmRU hQHBvj"
                      >
                        Contactgegevens en openingstijden
                      </span>
                    </a>
                  </li>
                </ul>
              </div>
            </div>
            <div
              class="sc-kgAjT TNHOw"
            >
              <div
                class="sc-elJkPf gPjgzi sc-cLQEGU ksfGfW"
                tabindex="-1"
              >
                <h3
                  class="sc-EHOje jjCRJL sc-bZQynM hJEdCc sc-iQKALj BdPdo sc-gqPbQI YIKcn"
                >
                  <span
                    class="sc-bxivhb jewvTc"
                    rotate="0"
                    size="20"
                  >
                    <svg
                      focusable="false"
                      viewBox="0 0 32 32"
                    >
                      <path
                        d="M16 25.757l-16-16 2.91-2.9L16 19.937l13.09-13.08 2.91 2.9z"
                        fill-rule="evenodd"
                      />
                    </svg>
                  </span>
                  Volg de gemeente
                </h3>
                <div
                  aria-hidden="true"
                  class="sc-RefOD cGbrYS"
                >
                  <ul
                    class="sc-fMiknA fzSdsW sc-eTuwsz eyPNpp"
                  >
                    <li
                      class="sc-dVhcbM wddMQ sc-gwVKww bpGbYH"
                    >
                      <a
                        class="sc-EHOje FkoFm sc-VigVT PthHi"
                        href="https://www.amsterdam.nl/nieuwsbrieven/nieuws/nieuwsbrief/nieuwsbrief/"
                      >
                        <span
                          class="sc-bxivhb iMrrNS"
                          size="12"
                        >
                          <svg
                            focusable="false"
                            viewBox="0 0 32 32"
                          >
                            <path
                              d="M9.757 32l-2.9-2.91L19.937 16 6.857 2.91 9.757 0l16 16z"
                              fill-rule="evenodd"
                            />
                          </svg>
                        </span>
                        <span
                          class="sc-gqjmRU hQHBvj"
                        >
                          Nieuwsbrief Amsterdam.nl
                        </span>
                      </a>
                    </li>
                    <li
                      class="sc-dVhcbM wddMQ sc-gwVKww bpGbYH"
                    >
                      <a
                        class="sc-EHOje FkoFm sc-VigVT PthHi"
                        href="https://twitter.com/AmsterdamNL"
                      >
                        <span
                          class="sc-bxivhb iMrrNS"
                          size="12"
                        >
                          <svg
                            focusable="false"
                            viewBox="0 0 32 32"
                          >
                            <path
                              d="M9.757 32l-2.9-2.91L19.937 16 6.857 2.91 9.757 0l16 16z"
                              fill-rule="evenodd"
                            />
                          </svg>
                        </span>
                        <span
                          class="sc-gqjmRU hQHBvj"
                        >
                          Twitter
                        </span>
                      </a>
                    </li>
                    <li
                      class="sc-dVhcbM wddMQ sc-gwVKww bpGbYH"
                    >
                      <a
                        class="sc-EHOje FkoFm sc-VigVT PthHi"
                        href="https://www.facebook.com/gemeenteamsterdam"
                      >
                        <span
                          class="sc-bxivhb iMrrNS"
                          size="12"
                        >
                          <svg
                            focusable="false"
                            viewBox="0 0 32 32"
                          >
                            <path
                              d="M9.757 32l-2.9-2.91L19.937 16 6.857 2.91 9.757 0l16 16z"
                              fill-rule="evenodd"
                            />
                          </svg>
                        </span>
                        <span
                          class="sc-gqjmRU hQHBvj"
                        >
                          Facebook
                        </span>
                      </a>
                    </li>
                    <li
                      class="sc-dVhcbM wddMQ sc-gwVKww bpGbYH"
                    >
                      <a
                        class="sc-EHOje FkoFm sc-VigVT PthHi"
                        href="https://www.instagram.com/gemeenteamsterdam/"
                      >
                        <span
                          class="sc-bxivhb iMrrNS"
                          size="12"
                        >
                          <svg
                            focusable="false"
                            viewBox="0 0 32 32"
                          >
                            <path
                              d="M9.757 32l-2.9-2.91L19.937 16 6.857 2.91 9.757 0l16 16z"
                              fill-rule="evenodd"
                            />
                          </svg>
                        </span>
                        <span
                          class="sc-gqjmRU hQHBvj"
                        >
                          Instagram
                        </span>
                      </a>
                    </li>
                    <li
                      class="sc-dVhcbM wddMQ sc-gwVKww bpGbYH"
                    >
                      <a
                        class="sc-EHOje FkoFm sc-VigVT PthHi"
                        href="https://www.linkedin.com/company/gemeente-amsterdam"
                      >
                        <span
                          class="sc-bxivhb iMrrNS"
                          size="12"
                        >
                          <svg
                            focusable="false"
                            viewBox="0 0 32 32"
                          >
                            <path
                              d="M9.757 32l-2.9-2.91L19.937 16 6.857 2.91 9.757 0l16 16z"
                              fill-rule="evenodd"
                            />
                          </svg>
                        </span>
                        <span
                          class="sc-gqjmRU hQHBvj"
                        >
                          Linkedin
                        </span>
                      </a>
                    </li>
                    <li
                      class="sc-dVhcbM wddMQ sc-gwVKww bpGbYH"
                    >
                      <a
                        class="sc-EHOje FkoFm sc-VigVT PthHi"
                        href="https://www.amsterdam.nl/bestuur-organisatie/werkenbij/"
                      >
                        <span
                          class="sc-bxivhb iMrrNS"
                          size="12"
                        >
                          <svg
                            focusable="false"
                            viewBox="0 0 32 32"
                          >
                            <path
                              d="M9.757 32l-2.9-2.91L19.937 16 6.857 2.91 9.757 0l16 16z"
                              fill-rule="evenodd"
                            />
                          </svg>
                        </span>
                        <span
                          class="sc-gqjmRU hQHBvj"
                        >
                          Werken bij
                        </span>
                      </a>
                    </li>
                  </ul>
                </div>
              </div>
              <div
                class="sc-RefOD eJuoxd"
              >
                <h3
                  class="sc-bZQynM hJEdCc sc-iQKALj BdPdo"
                >
                  Volg de gemeente
                </h3>
                <ul
                  class="sc-fMiknA fzSdsW sc-eTuwsz eyPNpp"
                >
                  <li
                    class="sc-dVhcbM wddMQ sc-gwVKww bpGbYH"
                  >
                    <a
                      class="sc-EHOje FkoFm sc-VigVT PthHi"
                      href="https://www.amsterdam.nl/nieuwsbrieven/nieuws/nieuwsbrief/nieuwsbrief/"
                    >
                      <span
                        class="sc-bxivhb iMrrNS"
                        size="12"
                      >
                        <svg
                          focusable="false"
                          viewBox="0 0 32 32"
                        >
                          <path
                            d="M9.757 32l-2.9-2.91L19.937 16 6.857 2.91 9.757 0l16 16z"
                            fill-rule="evenodd"
                          />
                        </svg>
                      </span>
                      <span
                        class="sc-gqjmRU hQHBvj"
                      >
                        Nieuwsbrief Amsterdam.nl
                      </span>
                    </a>
                  </li>
                  <li
                    class="sc-dVhcbM wddMQ sc-gwVKww bpGbYH"
                  >
                    <a
                      class="sc-EHOje FkoFm sc-VigVT PthHi"
                      href="https://twitter.com/AmsterdamNL"
                    >
                      <span
                        class="sc-bxivhb iMrrNS"
                        size="12"
                      >
                        <svg
                          focusable="false"
                          viewBox="0 0 32 32"
                        >
                          <path
                            d="M9.757 32l-2.9-2.91L19.937 16 6.857 2.91 9.757 0l16 16z"
                            fill-rule="evenodd"
                          />
                        </svg>
                      </span>
                      <span
                        class="sc-gqjmRU hQHBvj"
                      >
                        Twitter
                      </span>
                    </a>
                  </li>
                  <li
                    class="sc-dVhcbM wddMQ sc-gwVKww bpGbYH"
                  >
                    <a
                      class="sc-EHOje FkoFm sc-VigVT PthHi"
                      href="https://www.facebook.com/gemeenteamsterdam"
                    >
                      <span
                        class="sc-bxivhb iMrrNS"
                        size="12"
                      >
                        <svg
                          focusable="false"
                          viewBox="0 0 32 32"
                        >
                          <path
                            d="M9.757 32l-2.9-2.91L19.937 16 6.857 2.91 9.757 0l16 16z"
                            fill-rule="evenodd"
                          />
                        </svg>
                      </span>
                      <span
                        class="sc-gqjmRU hQHBvj"
                      >
                        Facebook
                      </span>
                    </a>
                  </li>
                  <li
                    class="sc-dVhcbM wddMQ sc-gwVKww bpGbYH"
                  >
                    <a
                      class="sc-EHOje FkoFm sc-VigVT PthHi"
                      href="https://www.instagram.com/gemeenteamsterdam/"
                    >
                      <span
                        class="sc-bxivhb iMrrNS"
                        size="12"
                      >
                        <svg
                          focusable="false"
                          viewBox="0 0 32 32"
                        >
                          <path
                            d="M9.757 32l-2.9-2.91L19.937 16 6.857 2.91 9.757 0l16 16z"
                            fill-rule="evenodd"
                          />
                        </svg>
                      </span>
                      <span
                        class="sc-gqjmRU hQHBvj"
                      >
                        Instagram
                      </span>
                    </a>
                  </li>
                  <li
                    class="sc-dVhcbM wddMQ sc-gwVKww bpGbYH"
                  >
                    <a
                      class="sc-EHOje FkoFm sc-VigVT PthHi"
                      href="https://www.linkedin.com/company/gemeente-amsterdam"
                    >
                      <span
                        class="sc-bxivhb iMrrNS"
                        size="12"
                      >
                        <svg
                          focusable="false"
                          viewBox="0 0 32 32"
                        >
                          <path
                            d="M9.757 32l-2.9-2.91L19.937 16 6.857 2.91 9.757 0l16 16z"
                            fill-rule="evenodd"
                          />
                        </svg>
                      </span>
                      <span
                        class="sc-gqjmRU hQHBvj"
                      >
                        Linkedin
                      </span>
                    </a>
                  </li>
                  <li
                    class="sc-dVhcbM wddMQ sc-gwVKww bpGbYH"
                  >
                    <a
                      class="sc-EHOje FkoFm sc-VigVT PthHi"
                      href="https://www.amsterdam.nl/bestuur-organisatie/werkenbij/"
                    >
                      <span
                        class="sc-bxivhb iMrrNS"
                        size="12"
                      >
                        <svg
                          focusable="false"
                          viewBox="0 0 32 32"
                        >
                          <path
                            d="M9.757 32l-2.9-2.91L19.937 16 6.857 2.91 9.757 0l16 16z"
                            fill-rule="evenodd"
                          />
                        </svg>
                      </span>
                      <span
                        class="sc-gqjmRU hQHBvj"
                      >
                        Werken bij
                      </span>
                    </a>
                  </li>
                </ul>
              </div>
            </div>
            <div
              class="sc-kgAjT brRyfg"
            >
              <div
                class="sc-elJkPf gPjgzi sc-hORach hAyWSN"
                tabindex="-1"
              >
                <h3
                  class="sc-EHOje jjCRJL sc-bZQynM hJEdCc sc-iQKALj BdPdo sc-bMVAic dkGoJU"
                >
                  <span
                    class="sc-bxivhb jewvTc"
                    rotate="0"
                    size="20"
                  >
                    <svg
                      focusable="false"
                      viewBox="0 0 32 32"
                    >
                      <path
                        d="M16 25.757l-16-16 2.91-2.9L16 19.937l13.09-13.08 2.91 2.9z"
                        fill-rule="evenodd"
                      />
                    </svg>
                  </span>
                  Uit in Amsterdam
                </h3>
                <div
                  aria-hidden="true"
                  class="sc-RefOD cGbrYS"
                >
                  <ul
                    class="sc-fMiknA fzSdsW sc-eTuwsz eyPNpp"
                  >
                    <p
                      class="sc-EHOje sc-jTzLTM gjBXwB"
                    >
                      Wat is er te doen in Amsterdam? Informatie over toerisme, cultuur, uitgaan, evenementen en meer vindt u op
                       
                      <a
                        class="sc-EHOje hhCEXm sc-VigVT kXYtwx"
                        href="http://www.iamsterdam.com/"
                      >
                        Iamsterdam.com
                      </a>
                    </p>
                  </ul>
                </div>
              </div>
              <div
                class="sc-RefOD eJuoxd"
              >
                <h3
                  class="sc-bZQynM hJEdCc sc-iQKALj BdPdo"
                >
                  Uit in Amsterdam
                </h3>
                <ul
                  class="sc-fMiknA fzSdsW sc-eTuwsz eyPNpp"
                >
                  <p
                    class="sc-EHOje sc-jTzLTM gjBXwB"
                  >
                    Wat is er te doen in Amsterdam? Informatie over toerisme, cultuur, uitgaan, evenementen en meer vindt u op
                     
                    <a
                      class="sc-EHOje hhCEXm sc-VigVT kXYtwx"
                      href="http://www.iamsterdam.com/"
                    >
                      Iamsterdam.com
                    </a>
                  </p>
                </ul>
              </div>
            </div>
          </div>
        </div>
      </div>
      <div
        class="sc-ibxdXY bXEncT"
      >
        <div
          class="sc-esOvli kVTZtX"
        >
          <div
            class="sc-cJSrbW eSjbJi"
          >
            <div
              class="sc-kgAjT gNxpZN"
            >
              <ul
                class="sc-fMiknA fzSdsW sc-hXRMBi jsSisI"
              >
                <li
                  class="sc-dVhcbM wddMQ sc-epnACN gfJoDF"
                >
                  <a
                    class="sc-EHOje iRCPDX sc-VigVT PthHi"
                    href="https://www.amsterdam.nl/overdezesite/"
                  >
                    <span
                      class="sc-bxivhb iMrrNS"
                      size="12"
                    >
                      <svg
                        focusable="false"
                        viewBox="0 0 32 32"
                      >
                        <path
                          d="M9.757 32l-2.9-2.91L19.937 16 6.857 2.91 9.757 0l16 16z"
                          fill-rule="evenodd"
                        />
                      </svg>
                    </span>
                    <span
                      class="sc-gqjmRU hQHBvj"
                    >
                      Over deze site
                    </span>
                  </a>
                </li>
                <li
                  class="sc-dVhcbM wddMQ sc-epnACN gfJoDF"
                >
                  <a
                    class="sc-EHOje iRCPDX sc-VigVT PthHi"
                    href="https://www.amsterdam.nl/privacy/"
                  >
                    <span
                      class="sc-bxivhb iMrrNS"
                      size="12"
                    >
                      <svg
                        focusable="false"
                        viewBox="0 0 32 32"
                      >
                        <path
                          d="M9.757 32l-2.9-2.91L19.937 16 6.857 2.91 9.757 0l16 16z"
                          fill-rule="evenodd"
                        />
                      </svg>
                    </span>
                    <span
                      class="sc-gqjmRU hQHBvj"
                    >
                      Privacy
                    </span>
                  </a>
                </li>
                <li
                  class="sc-dVhcbM wddMQ sc-epnACN gfJoDF"
                >
                  <a
                    class="sc-EHOje iRCPDX sc-VigVT PthHi"
                    href="https://www.amsterdam.nl/privacy/cookies-site/"
                  >
                    <span
                      class="sc-bxivhb iMrrNS"
                      size="12"
                    >
                      <svg
                        focusable="false"
                        viewBox="0 0 32 32"
                      >
                        <path
                          d="M9.757 32l-2.9-2.91L19.937 16 6.857 2.91 9.757 0l16 16z"
                          fill-rule="evenodd"
                        />
                      </svg>
                    </span>
                    <span
                      class="sc-gqjmRU hQHBvj"
                    >
                      Cookies op deze site
                    </span>
                  </a>
                </li>
                <li
                  class="sc-dVhcbM wddMQ sc-epnACN gfJoDF"
                >
                  <a
                    class="sc-EHOje iRCPDX sc-VigVT PthHi"
                    href="https://www.amsterdam.nl/nieuwsarchief/"
                  >
                    <span
                      class="sc-bxivhb iMrrNS"
                      size="12"
                    >
                      <svg
                        focusable="false"
                        viewBox="0 0 32 32"
                      >
                        <path
                          d="M9.757 32l-2.9-2.91L19.937 16 6.857 2.91 9.757 0l16 16z"
                          fill-rule="evenodd"
                        />
                      </svg>
                    </span>
                    <span
                      class="sc-gqjmRU hQHBvj"
                    >
                      Webarchief
                    </span>
                  </a>
                </li>
              </ul>
            </div>
          </div>
        </div>
      </div>
    </footer>
  </div>,
  "debug": [Function],
  "findAllByAltText": [Function],
  "findAllByDisplayValue": [Function],
  "findAllByLabelText": [Function],
  "findAllByPlaceholderText": [Function],
  "findAllByRole": [Function],
  "findAllByTestId": [Function],
  "findAllByText": [Function],
  "findAllByTitle": [Function],
  "findByAltText": [Function],
  "findByDisplayValue": [Function],
  "findByLabelText": [Function],
  "findByPlaceholderText": [Function],
  "findByRole": [Function],
  "findByTestId": [Function],
  "findByText": [Function],
  "findByTitle": [Function],
  "getAllByAltText": [Function],
  "getAllByDisplayValue": [Function],
  "getAllByLabelText": [Function],
  "getAllByPlaceholderText": [Function],
  "getAllByRole": [Function],
  "getAllByTestId": [Function],
  "getAllByText": [Function],
  "getAllByTitle": [Function],
  "getByAltText": [Function],
  "getByDisplayValue": [Function],
  "getByLabelText": [Function],
  "getByPlaceholderText": [Function],
  "getByRole": [Function],
  "getByTestId": [Function],
  "getByText": [Function],
  "getByTitle": [Function],
  "queryAllByAltText": [Function],
  "queryAllByDisplayValue": [Function],
  "queryAllByLabelText": [Function],
  "queryAllByPlaceholderText": [Function],
  "queryAllByRole": [Function],
  "queryAllByTestId": [Function],
  "queryAllByText": [Function],
  "queryAllByTitle": [Function],
  "queryByAltText": [Function],
  "queryByDisplayValue": [Function],
  "queryByLabelText": [Function],
  "queryByPlaceholderText": [Function],
  "queryByRole": [Function],
  "queryByTestId": [Function],
  "queryByText": [Function],
  "queryByTitle": [Function],
  "rerender": [Function],
  "unmount": [Function],
}
`;
